
Memory Configuration

Name             Origin             Length             Attributes
flash            0x08000000         0x00020000         xr
sram             0x20000000         0x00005000         xrw
*default*        0x00000000         0xffffffff

Linker script and memory map


.text           0x08000000      0x180
 *(.vectors*)
 .vectors       0x08000000       0x1c startup.o
                0x08000000                vectors
 *(.text*)
 .text          0x0800001c       0xd4 main.o
                0x0800001c                _sbrk
                0x08000068                main
                0x080000e4                NMI_Handler
 .text          0x080000f0       0x90 startup.o
                0x080000f0                Reset_Handler
                0x08000174                Bus_Fault
                0x08000174                Default_Handler
                0x08000174                H_fault_Handler
                0x08000174                Usage_Fault_Handler
                0x08000174                MM_Fault_Handler
 *(.rodata)
                0x08000180                _E_text = .

.glue_7         0x08000180        0x0
 .glue_7        0x08000180        0x0 linker stubs

.glue_7t        0x08000180        0x0
 .glue_7t       0x08000180        0x0 linker stubs

.vfp11_veneer   0x08000180        0x0
 .vfp11_veneer  0x08000180        0x0 linker stubs

.v4_bx          0x08000180        0x0
 .v4_bx         0x08000180        0x0 linker stubs

.iplt           0x08000180        0x0
 .iplt          0x08000180        0x0 main.o

.rel.dyn        0x08000180        0x0
 .rel.iplt      0x08000180        0x0 main.o

.data           0x20000000        0x8 load address 0x08000180
                0x20000000                _S_DATA = .
 *(.data)
 .data          0x20000000        0x6 main.o
                0x20000000                R_ODR
                0x20000004                data_var
 .data          0x20000006        0x0 startup.o
 *(.data.*)
                0x20000006                _E_DATA = .
                0x20000008                . = ALIGN (0x4)
 *fill*         0x20000006        0x2 

.igot.plt       0x20000008        0x0 load address 0x08000188
 .igot.plt      0x20000008        0x0 main.o

.bss            0x20000008     0x2004 load address 0x08000188
                0x20000008                _S_bss = .
 *(.bss*)
 .bss           0x20000008        0x3 main.o
                0x20000008                bss_var
 .bss           0x2000000b        0x0 startup.o
                0x2000000c                . = ALIGN (0x4)
 *fill*         0x2000000b        0x1 
                0x2000000c                _E_bss = .
                0x2000100c                . = (. + 0x1000)
 *fill*         0x2000000c     0x1000 
                0x2000100c                _heap_End = .
                0x2000100c                . = ALIGN (0x4)
                0x2000200c                . = (. + 0x1000)
 *fill*         0x2000100c     0x1000 
                0x2000200c                _stack_top = .
LOAD main.o
LOAD startup.o
OUTPUT(learn_in_depth_Cortex_M3.elf elf32-littlearm)

.debug_info     0x00000000      0xccc
 .debug_info    0x00000000      0xb11 main.o
 .debug_info    0x00000b11      0x1bb startup.o

.debug_abbrev   0x00000000      0x30c
 .debug_abbrev  0x00000000      0x238 main.o
 .debug_abbrev  0x00000238       0xd4 startup.o

.debug_loc      0x00000000      0x154
 .debug_loc     0x00000000       0xd8 main.o
 .debug_loc     0x000000d8       0x7c startup.o

.debug_aranges  0x00000000       0x40
 .debug_aranges
                0x00000000       0x20 main.o
 .debug_aranges
                0x00000020       0x20 startup.o

.debug_line     0x00000000      0x2cd
 .debug_line    0x00000000      0x1bd main.o
 .debug_line    0x000001bd      0x110 startup.o

.debug_str      0x00000000      0x603
 .debug_str     0x00000000      0x573 main.o
                                0x5e3 (size before relaxing)
 .debug_str     0x00000573       0x90 startup.o
                                0x1fe (size before relaxing)

.comment        0x00000000       0x7e
 .comment       0x00000000       0x7e main.o
                                 0x7f (size before relaxing)
 .comment       0x0000007e       0x7f startup.o

.ARM.attributes
                0x00000000       0x33
 .ARM.attributes
                0x00000000       0x33 main.o
 .ARM.attributes
                0x00000033       0x33 startup.o

.debug_frame    0x00000000       0xc4
 .debug_frame   0x00000000       0x74 main.o
 .debug_frame   0x00000074       0x50 startup.o
