
Allocating common symbols
Common symbol       size              file

MainAlg_state       0x4               MainAlg.o
PressureSensorDriver_state
                    0x4               PressureSensorDriver.o
AlarmMonitor_state  0x4               AlarmMonitor.o
PressureSensorDriver_state_id
                    0x1               main.o
MainAlg_state_id    0x1               main.o
AlarmActuatorDriver_state
                    0x4               AlarmActuatorDriver.o
AlarmMonitor_state_id
                    0x1               AlarmMonitor.o
AlarmActuatorDriver_state_id
                    0x1               AlarmActuatorDriver.o

Memory Configuration

Name             Origin             Length             Attributes
flash            0x08000000         0x00020000         xr
sram             0x20000000         0x00005000         xrw
*default*        0x00000000         0xffffffff

Linker script and memory map


.text           0x08000000      0x378
 *(.vectors*)
 .vectors       0x08000000       0x1c startup.o
                0x08000000                vectors
 *(.text*)
 .text          0x0800001c       0xac AlarmActuatorDriver.o
                0x0800001c                AlarmActuatorDriver_init
                0x08000028                StartAlarm
                0x08000044                StopAlarm
                0x08000060                ST_AlarmActuatorDriver_waiting
                0x08000078                ST_AlarmActuatorDriver_AlarmOn
                0x080000a0                ST_AlarmActuatorDriver_AlarmOff
 .text          0x080000c8       0x6c AlarmMonitor.o
                0x080000c8                high_pressure_detected
                0x080000e4                ST_AlarmMonitor_alarmOff
                0x080000fc                ST_AlarmMonitor_alarmOn
 .text          0x08000134       0xc4 driver.o
                0x08000134                Delay
                0x08000154                getPressureVal
                0x0800016c                Set_Alarm_actuator
                0x080001a8                GPIO_INITIALIZATION
 .text          0x080001f8       0x68 main.o
                0x080001f8                setup
                0x08000238                main
 .text          0x08000260       0x48 MainAlg.o
                0x08000260                set_pressure_val
                0x0800027c                ST_MainAlg_high_pressure_detection
 .text          0x080002a8       0x40 PressureSensorDriver.o
                0x080002a8                PressureSensorDriver_init
                0x080002b4                ST_PressureSensorDriver_reading
 .text          0x080002e8       0x90 startup.o
                0x080002e8                Reset_Handler
                0x0800036c                MM_Fault_Handler
                0x0800036c                Bus_Fault
                0x0800036c                Default_Handler
                0x0800036c                H_fault_Handler
                0x0800036c                Usage_Fault_Handler
                0x0800036c                NMI_Handler
 *(.rodata)
                0x08000378                _E_text = .

.glue_7         0x08000378        0x0
 .glue_7        0x08000378        0x0 linker stubs

.glue_7t        0x08000378        0x0
 .glue_7t       0x08000378        0x0 linker stubs

.vfp11_veneer   0x08000378        0x0
 .vfp11_veneer  0x08000378        0x0 linker stubs

.v4_bx          0x08000378        0x0
 .v4_bx         0x08000378        0x0 linker stubs

.iplt           0x08000378        0x0
 .iplt          0x08000378        0x0 AlarmActuatorDriver.o

.rel.dyn        0x08000378        0x0
 .rel.iplt      0x08000378        0x0 AlarmActuatorDriver.o

.data           0x20000000        0x8 load address 0x08000378
                0x20000000                _S_DATA = .
 *(.data)
 .data          0x20000000        0x0 AlarmActuatorDriver.o
 .data          0x20000000        0x4 AlarmMonitor.o
 .data          0x20000004        0x0 driver.o
 .data          0x20000004        0x0 main.o
 .data          0x20000004        0x4 MainAlg.o
 .data          0x20000008        0x0 PressureSensorDriver.o
 .data          0x20000008        0x0 startup.o
                0x20000008                _E_DATA = .
                0x20000008                . = ALIGN (0x4)

.igot.plt       0x20000008        0x0 load address 0x08000380
 .igot.plt      0x20000008        0x0 AlarmActuatorDriver.o

.bss            0x20000008     0x1020 load address 0x08000380
                0x20000008                _S_bss = .
 *(.bss*)
 .bss           0x20000008        0x0 AlarmActuatorDriver.o
 .bss           0x20000008        0x0 AlarmMonitor.o
 .bss           0x20000008        0x0 driver.o
 .bss           0x20000008        0x0 main.o
 .bss           0x20000008        0x4 MainAlg.o
 .bss           0x2000000c        0x4 PressureSensorDriver.o
 .bss           0x20000010        0x0 startup.o
                0x20000010                _E_bss = .
                0x20000010                . = ALIGN (0x4)
                0x20001010                . = (. + 0x1000)
 *fill*         0x20000010     0x1000 
                0x20001010                _stack_top = .
 COMMON         0x20001010        0x5 AlarmActuatorDriver.o
                0x20001010                AlarmActuatorDriver_state
                0x20001014                AlarmActuatorDriver_state_id
 *fill*         0x20001015        0x3 
 COMMON         0x20001018        0x5 AlarmMonitor.o
                0x20001018                AlarmMonitor_state
                0x2000101c                AlarmMonitor_state_id
 COMMON         0x2000101d        0x2 main.o
                0x2000101d                PressureSensorDriver_state_id
                0x2000101e                MainAlg_state_id
 *fill*         0x2000101f        0x1 
 COMMON         0x20001020        0x4 MainAlg.o
                0x20001020                MainAlg_state
 COMMON         0x20001024        0x4 PressureSensorDriver.o
                0x20001024                PressureSensorDriver_state
LOAD AlarmActuatorDriver.o
LOAD AlarmMonitor.o
LOAD driver.o
LOAD main.o
LOAD MainAlg.o
LOAD PressureSensorDriver.o
LOAD startup.o
OUTPUT(PressureDetectionSystem.elf elf32-littlearm)

.debug_info     0x00000000     0x3f0e
 .debug_info    0x00000000      0xa59 AlarmActuatorDriver.o
 .debug_info    0x00000a59      0xa25 AlarmMonitor.o
 .debug_info    0x0000147e      0xa05 driver.o
 .debug_info    0x00001e83      0xa9b main.o
 .debug_info    0x0000291e      0xa2b MainAlg.o
 .debug_info    0x00003349      0xa0a PressureSensorDriver.o
 .debug_info    0x00003d53      0x1bb startup.o

.debug_abbrev   0x00000000      0xc34
 .debug_abbrev  0x00000000      0x1e1 AlarmActuatorDriver.o
 .debug_abbrev  0x000001e1      0x1f0 AlarmMonitor.o
 .debug_abbrev  0x000003d1      0x1de driver.o
 .debug_abbrev  0x000005af      0x1d6 main.o
 .debug_abbrev  0x00000785      0x201 MainAlg.o
 .debug_abbrev  0x00000986      0x1da PressureSensorDriver.o
 .debug_abbrev  0x00000b60       0xd4 startup.o

.debug_loc      0x00000000      0x4b0
 .debug_loc     0x00000000      0x120 AlarmActuatorDriver.o
 .debug_loc     0x00000120       0x9c AlarmMonitor.o
 .debug_loc     0x000001bc      0x140 driver.o
 .debug_loc     0x000002fc       0x58 main.o
 .debug_loc     0x00000354       0x88 MainAlg.o
 .debug_loc     0x000003dc       0x58 PressureSensorDriver.o
 .debug_loc     0x00000434       0x7c startup.o

.debug_aranges  0x00000000       0xe0
 .debug_aranges
                0x00000000       0x20 AlarmActuatorDriver.o
 .debug_aranges
                0x00000020       0x20 AlarmMonitor.o
 .debug_aranges
                0x00000040       0x20 driver.o
 .debug_aranges
                0x00000060       0x20 main.o
 .debug_aranges
                0x00000080       0x20 MainAlg.o
 .debug_aranges
                0x000000a0       0x20 PressureSensorDriver.o
 .debug_aranges
                0x000000c0       0x20 startup.o

.debug_line     0x00000000      0x918
 .debug_line    0x00000000      0x15c AlarmActuatorDriver.o
 .debug_line    0x0000015c      0x144 AlarmMonitor.o
 .debug_line    0x000002a0      0x159 driver.o
 .debug_line    0x000003f9      0x18c main.o
 .debug_line    0x00000585      0x134 MainAlg.o
 .debug_line    0x000006b9      0x14f PressureSensorDriver.o
 .debug_line    0x00000808      0x110 startup.o

.debug_str      0x00000000      0x86b
 .debug_str     0x00000000      0x5b3 AlarmActuatorDriver.o
                                0x666 (size before relaxing)
 .debug_str     0x000005b3       0x94 AlarmMonitor.o
                                0x5f7 (size before relaxing)
 .debug_str     0x00000647       0x57 driver.o
                                0x58e (size before relaxing)
 .debug_str     0x0000069e       0x6a main.o
                                0x6bf (size before relaxing)
 .debug_str     0x00000708       0x5f MainAlg.o
                                0x5dd (size before relaxing)
 .debug_str     0x00000767       0x6d PressureSensorDriver.o
                                0x5fb (size before relaxing)
 .debug_str     0x000007d4       0x97 startup.o
                                0x1f4 (size before relaxing)

.comment        0x00000000       0x7e
 .comment       0x00000000       0x7e AlarmActuatorDriver.o
                                 0x7f (size before relaxing)
 .comment       0x0000007e       0x7f AlarmMonitor.o
 .comment       0x0000007e       0x7f driver.o
 .comment       0x0000007e       0x7f main.o
 .comment       0x0000007e       0x7f MainAlg.o
 .comment       0x0000007e       0x7f PressureSensorDriver.o
 .comment       0x0000007e       0x7f startup.o

.ARM.attributes
                0x00000000       0x33
 .ARM.attributes
                0x00000000       0x33 AlarmActuatorDriver.o
 .ARM.attributes
                0x00000033       0x33 AlarmMonitor.o
 .ARM.attributes
                0x00000066       0x33 driver.o
 .ARM.attributes
                0x00000099       0x33 main.o
 .ARM.attributes
                0x000000cc       0x33 MainAlg.o
 .ARM.attributes
                0x000000ff       0x33 PressureSensorDriver.o
 .ARM.attributes
                0x00000132       0x33 startup.o

.debug_frame    0x00000000      0x2f8
 .debug_frame   0x00000000       0xbc AlarmActuatorDriver.o
 .debug_frame   0x000000bc       0x68 AlarmMonitor.o
 .debug_frame   0x00000124       0xa0 driver.o
 .debug_frame   0x000001c4       0x48 main.o
 .debug_frame   0x0000020c       0x54 MainAlg.o
 .debug_frame   0x00000260       0x48 PressureSensorDriver.o
 .debug_frame   0x000002a8       0x50 startup.o
