
Memory Configuration

Name             Origin             Length             Attributes
flash            0x08000000         0x00020000         xr
sram             0x20000000         0x00005000         xrw
*default*        0x00000000         0xffffffff

Linker script and memory map


.text           0x08000000      0x134
 *(.vectors*)
 .vectors       0x08000000       0x1c startup.o
                0x08000000                vectors
 *(.text*)
 .text          0x0800001c       0x88 main.o
                0x0800001c                main
                0x08000098                NMI_Handler
 .text          0x080000a4       0x90 startup.o
                0x080000a4                Reset_Handler
                0x08000128                Bus_Fault
                0x08000128                Default_Handler
                0x08000128                H_fault_Handler
                0x08000128                Usage_Fault_Handler
                0x08000128                MM_Fault_Handler
 *(.rodata)
                0x08000134                _E_text = .

.glue_7         0x08000134        0x0
 .glue_7        0x08000134        0x0 linker stubs

.glue_7t        0x08000134        0x0
 .glue_7t       0x08000134        0x0 linker stubs

.vfp11_veneer   0x08000134        0x0
 .vfp11_veneer  0x08000134        0x0 linker stubs

.v4_bx          0x08000134        0x0
 .v4_bx         0x08000134        0x0 linker stubs

.iplt           0x08000134        0x0
 .iplt          0x08000134        0x0 main.o

.rel.dyn        0x08000134        0x0
 .rel.iplt      0x08000134        0x0 main.o

.data           0x20000000        0x8 load address 0x08000134
                0x20000000                _S_DATA = .
 *(.data)
 .data          0x20000000        0x6 main.o
                0x20000000                R_ODR
                0x20000004                data_var
 .data          0x20000006        0x0 startup.o
                0x20000008                . = ALIGN (0x4)
 *fill*         0x20000006        0x2 
                0x20000008                _E_DATA = .

.igot.plt       0x20000008        0x0 load address 0x0800013c
 .igot.plt      0x20000008        0x0 main.o

.bss            0x20000008     0x1004 load address 0x0800013c
                0x20000008                _S_bss = .
 *(.bss*)
 .bss           0x20000008        0x3 main.o
                0x20000008                bss_var
 .bss           0x2000000b        0x0 startup.o
                0x2000000b                _E_bss = .
                0x2000000c                . = ALIGN (0x4)
 *fill*         0x2000000b        0x1 
                0x2000100c                . = (. + 0x1000)
 *fill*         0x2000000c     0x1000 
                0x2000100c                _stack_top = .
LOAD main.o
LOAD startup.o
OUTPUT(learn_in_depth_Cortex_M3.elf elf32-littlearm)

.debug_info     0x00000000      0x363
 .debug_info    0x00000000      0x1a8 main.o
 .debug_info    0x000001a8      0x1bb startup.o

.debug_abbrev   0x00000000      0x1da
 .debug_abbrev  0x00000000      0x106 main.o
 .debug_abbrev  0x00000106       0xd4 startup.o

.debug_loc      0x00000000       0xf8
 .debug_loc     0x00000000       0x7c main.o
 .debug_loc     0x0000007c       0x7c startup.o

.debug_aranges  0x00000000       0x40
 .debug_aranges
                0x00000000       0x20 main.o
 .debug_aranges
                0x00000020       0x20 startup.o

.debug_line     0x00000000      0x213
 .debug_line    0x00000000      0x103 main.o
 .debug_line    0x00000103      0x110 startup.o

.debug_str      0x00000000      0x213
 .debug_str     0x00000000      0x17c main.o
                                0x1b9 (size before relaxing)
 .debug_str     0x0000017c       0x97 startup.o
                                0x1fe (size before relaxing)

.comment        0x00000000       0x7e
 .comment       0x00000000       0x7e main.o
                                 0x7f (size before relaxing)
 .comment       0x0000007e       0x7f startup.o

.ARM.attributes
                0x00000000       0x33
 .ARM.attributes
                0x00000000       0x33 main.o
 .ARM.attributes
                0x00000033       0x33 startup.o

.debug_frame    0x00000000       0x9c
 .debug_frame   0x00000000       0x4c main.o
 .debug_frame   0x0000004c       0x50 startup.o
